\BOOKMARK [0][-]{chapter.1}{\376\377\000W\000s\000t\001\031\000p}{}% 1
\BOOKMARK [0][-]{chapter.2}{\376\377\000P\000o\000d\000s\000t\000a\000w\000y\000\040\000t\000e\000o\000r\000e\000t\000y\000c\000z\000n\000e}{}% 2
\BOOKMARK [1][-]{section.2.1}{\376\377\000P\000r\000o\000b\000l\000e\000m\000\040\000n\000a\000j\000k\000r\000\363\000t\000s\000z\000e\000j\000\040\000s\000c\000i\000e\001\174\000k\000i}{chapter.2}% 3
\BOOKMARK [1][-]{section.2.2}{\376\377\000A\000l\000g\000o\000r\000y\000t\000m\000\040\000D\000i\000j\000k\000s\000t\000r\000y}{chapter.2}% 4
\BOOKMARK [1][-]{section.2.3}{\376\377\000Z\000n\000a\000j\000d\000o\000w\000a\000n\000i\000e\000\040\000m\000i\000n\000u\000m\000u\000m}{chapter.2}% 5
\BOOKMARK [2][-]{subsection.2.3.1}{\376\377\000W\000e\000r\000s\000j\000a\000\040\000n\000a\000i\000w\000n\000a}{section.2.3}% 6
\BOOKMARK [2][-]{subsection.2.3.2}{\376\377\000W\000e\000r\000s\000j\000a\000\040\000z\000\040\000k\000o\000p\000c\000e\000m\000\040\000b\000i\000n\000a\000r\000n\000y\000m}{section.2.3}% 7
\BOOKMARK [2][-]{subsection.2.3.3}{\376\377\000W\000e\000r\000s\000j\000a\000\040\000k\000w\000a\000n\000t\000o\000w\000a}{section.2.3}% 8
\BOOKMARK [1][-]{section.2.4}{\376\377\000R\000o\000d\000z\000a\000j\000e\000\040\000g\000r\000a\000f\000\363\000w}{chapter.2}% 9
\BOOKMARK [2][-]{subsection.2.4.1}{\376\377\000G\000r\000a\000f\000\040\000g\001\031\000s\000t\000y}{section.2.4}% 10
\BOOKMARK [2][-]{subsection.2.4.2}{\376\377\000G\000r\000a\000f\000\040\000o\000\040\001\133\000r\000e\000d\000n\000i\000e\000j\000\040\000g\001\031\000s\000t\000o\001\133\000c\000i}{section.2.4}% 11
\BOOKMARK [2][-]{subsection.2.4.3}{\376\377\000G\000r\000a\000f\000\040\000r\000z\000a\000d\000k\000i}{section.2.4}% 12
\BOOKMARK [2][-]{subsection.2.4.4}{\376\377\000P\000r\000z\000y\000p\000a\000d\000e\000k\000\040\000s\000z\000c\000z\000e\000g\000\363\000l\000n\000y}{section.2.4}% 13
\BOOKMARK [1][-]{section.2.5}{\376\377\000R\000e\000p\000r\000e\000z\000e\000n\000t\000a\000c\000j\000a\000\040\000g\000r\000a\000f\000\363\000w}{chapter.2}% 14
\BOOKMARK [0][-]{chapter.3}{\376\377\000O\000p\000i\000s\000\040\000i\000m\000p\000l\000e\000m\000e\000n\000t\000a\000c\000j\000i}{}% 15
\BOOKMARK [1][-]{section.3.1}{\376\377\000T\000w\000o\000r\000z\000e\000n\000i\000e\000\040\000g\000r\000a\000f\000\363\000w}{chapter.3}% 16
\BOOKMARK [2][-]{subsection.3.1.1}{\376\377\000G\000e\000n\000e\000r\000o\000w\000a\000n\000i\000e\000\040\000g\000r\000a\000f\000u\000\040\000g\001\031\000s\000t\000e\000g\000o}{section.3.1}% 17
\BOOKMARK [2][-]{subsection.3.1.2}{\376\377\000G\000e\000n\000e\000r\000o\000w\000a\000n\000i\000e\000\040\000g\000r\000a\000f\000u\000\040\000o\000\040\001\133\000r\000e\000d\000n\000i\000e\000j\000\040\000g\001\031\000s\000t\000o\001\133\000c\000i}{section.3.1}% 18
\BOOKMARK [2][-]{subsection.3.1.3}{\376\377\000G\000e\000n\000e\000r\000o\000w\000a\000n\000i\000e\000\040\000g\000r\000a\000f\000u\000\040\000r\000z\000a\000d\000k\000i\000e\000g\000o}{section.3.1}% 19
\BOOKMARK [2][-]{subsection.3.1.4}{\376\377\000G\000e\000n\000e\000r\000o\000w\000a\000n\000i\000e\000\040\000p\000r\000z\000y\000p\000a\000d\000k\000u\000\040\000s\000z\000c\000z\000e\000g\000\363\000l\000n\000e\000g\000o}{section.3.1}% 20
\BOOKMARK [1][-]{section.3.2}{\376\377\000I\000m\000p\000l\000e\000m\000e\000n\000t\000a\000c\000j\000a\000\040\000a\000l\000g\000o\000r\000y\000t\000m\000u\000\040\000D\000i\000j\000k\000s\000t\000r\000y}{chapter.3}% 21
\BOOKMARK [2][-]{subsection.3.2.1}{\376\377\000W\000e\000r\000s\000j\000a\000\040\000n\000a\000i\000w\000n\000a}{section.3.2}% 22
\BOOKMARK [2][-]{subsection.3.2.2}{\376\377\000W\000e\000r\000s\000j\000a\000\040\000z\000\040\000k\000o\000p\000c\000e\000m\000\040\000b\000i\000n\000a\000r\000n\000y\000m}{section.3.2}% 23
\BOOKMARK [2][-]{subsection.3.2.3}{\376\377\000W\000e\000r\000s\000j\000a\000\040\000k\000w\000a\000n\000t\000o\000w\000a}{section.3.2}% 24
\BOOKMARK [1][-]{section.3.3}{\376\377\000A\000n\000a\000l\000i\000z\000a\000\040\000w\000y\000n\000i\000k\000\363\000w}{chapter.3}% 25
\BOOKMARK [2][-]{subsection.3.3.1}{\376\377\000O\000g\000\363\000l\000n\000a\000\040\000a\000n\000a\000l\000i\000z\000a\000\040\000w\000y\000n\000i\000k\000\363\000w}{section.3.3}% 26
\BOOKMARK [2][-]{subsection.3.3.2}{\376\377\000A\000n\000a\000l\000i\000z\000a\000\040\000w\000y\000n\000i\000k\000\363\000w\000\040\000w\000e\000r\000s\000j\000i\000\040\000k\000w\000a\000n\000t\000o\000w\000e\000j}{section.3.3}% 27
\BOOKMARK [2][-]{subsection.3.3.3}{\376\377\000T\000w\000o\000r\000z\000e\000n\000i\000e\000\040\000w\000y\000k\000r\000e\000s\000\363\000w}{section.3.3}% 28
\BOOKMARK [0][-]{chapter.4}{\376\377\000A\000n\000a\000l\000i\000z\000a\000\040\000w\000y\000n\000i\000k\000\363\000w\000\040\000i\000m\000p\000l\000e\000m\000e\000n\000t\000a\000c\000j\000i\000\040\000k\000l\000a\000s\000y\000c\000z\000n\000y\000c\000h}{}% 29
\BOOKMARK [1][-]{section.4.1}{\376\377\000W\000y\000n\000i\000k\000i\000\040\000w\000e\000r\000s\000j\000i\000\040\000n\000a\000i\000w\000n\000e\000j}{chapter.4}% 30
\BOOKMARK [1][-]{section.4.2}{\376\377\000W\000y\000n\000i\000k\000i\000\040\000w\000e\000r\000s\000j\000i\000\040\000z\000\040\000k\000o\000p\000c\000e\000m\000\040\000b\000i\000n\000a\000r\000n\000y\000m}{chapter.4}% 31
\BOOKMARK [2][-]{subsection.4.2.1}{\376\377\000G\000r\000a\000f\000\040\000r\000z\000a\000d\000k\000i}{section.4.2}% 32
\BOOKMARK [2][-]{subsection.4.2.2}{\376\377\000G\000r\000a\000f\000\040\000o\000\040\001\133\000r\000e\000d\000n\000i\000e\000j\000\040\000g\001\031\000s\000t\000o\001\133\000c\000i\000\040\000i\000\040\000g\000r\000a\000f\000\040\000g\001\031\000s\000t\000y}{section.4.2}% 33
\BOOKMARK [2][-]{subsection.4.2.3}{\376\377\000P\000r\000z\000y\000p\000a\000d\000e\000k\000\040\000s\000z\000c\000z\000e\000g\000\363\000l\000n\000y}{section.4.2}% 34
\BOOKMARK [2][-]{subsection.4.2.4}{\376\377\000O\000d\000c\000h\000y\000l\000e\000n\000i\000e\000\040\000s\000t\000a\000n\000d\000a\000r\000d\000o\000w\000e\000\040\000w\000e\000r\000s\000j\000i\000\040\000z\000\040\000k\000o\000p\000c\000e\000m}{section.4.2}% 35
\BOOKMARK [1][-]{section.4.3}{\376\377\000B\000e\000z\000p\000o\001\133\000r\000e\000d\000n\000i\000e\000\040\000p\000o\000r\000\363\000w\000n\000a\000n\000i\000e\000\040\001\133\000r\000e\000d\000n\000i\000c\000h\000\040\000w\000a\000r\000t\000o\001\133\000c\000i}{chapter.4}% 36
\BOOKMARK [1][-]{section.4.4}{\376\377\000P\000o\000r\000\363\000w\000n\000a\000n\000i\000e\000\040\000o\000d\000c\000h\000y\000l\000e\000n\000i\000a\000\040\000s\000t\000a\000n\000d\000a\000r\000d\000o\000w\000e\000g\000o}{chapter.4}% 37
\BOOKMARK [0][-]{chapter.5}{\376\377\000A\000n\000a\000l\000i\000z\000a\000\040\000p\000o\000p\000r\000a\000w\000n\000o\001\133\000c\000i\000\040\000w\000e\000r\000s\000j\000i\000\040\000k\000w\000a\000n\000t\000o\000w\000e\000j}{}% 38
\BOOKMARK [1][-]{section.5.1}{\376\377\000S\000k\000u\000t\000e\000c\000z\000n\000o\001\133\001\007\000\040\000w\000y\000s\000z\000u\000k\000i\000w\000a\000n\000i\000a\000\040\000m\000i\000n\000i\000m\000u\000m\000\040\000z\000\040\000l\000i\000m\000i\000t\000e\000m}{chapter.5}% 39
\BOOKMARK [1][-]{section.5.2}{\376\377\000S\000k\000u\000t\000e\000c\000z\000n\000o\001\133\001\007\000\040\000a\000l\000g\000o\000r\000y\000t\000m\000u\000\040\000D\000i\000j\000k\000s\000t\000r\000y\000\040\000z\000\040\000l\000i\000m\000i\000t\000e\000m}{chapter.5}% 40
\BOOKMARK [1][-]{section.5.3}{\376\377\000S\000k\000u\000t\000e\000c\000z\000n\000o\001\133\001\007\000\040\000w\000y\000s\000z\000u\000k\000i\000w\000a\000n\000i\000a\000\040\000m\000i\000n\000i\000m\000u\000m\000\040\000b\000e\000z\000\040\000l\000i\000m\000i\000t\000u}{chapter.5}% 41
\BOOKMARK [1][-]{section.5.4}{\376\377\000S\000k\000u\000t\000e\000c\000z\000n\000o\001\133\001\007\000\040\000a\000l\000g\000o\000r\000y\000t\000m\000u\000\040\000D\000i\000j\000k\000s\000t\000r\000y\000\040\000b\000e\000z\000\040\000l\000i\000m\000i\000t\000u}{chapter.5}% 42
\BOOKMARK [1][-]{section.5.5}{\376\377\000Z\000a\000l\000e\001\174\000n\000o\001\133\001\007\000\040\000p\000o\000m\000i\001\031\000d\000z\000y\000\040\000b\001\102\001\031\000d\000n\000y\000m\000\040\000m\000i\000n\000i\000m\000u\000m\000\040\000a\000\040\000w\000y\000n\000i\000k\000i\000e\000m\000\040\000a\000l\000g\000o\000r\000y\000t\000m\000u\000\040\000D\000i\000j\000k\000s\000t\000r\000y}{chapter.5}% 43
\BOOKMARK [2][-]{subsection.5.5.1}{\376\377\000D\000l\000a\000c\000z\000e\000g\000o\000\040\000b\001\102\001\031\000d\000n\000e\000\040\000m\000i\000n\000i\000m\000u\000m\000\040\000n\000i\000e\000\040\000z\000a\000w\000s\000z\000e\000\040\000p\000r\000o\000w\000a\000d\000z\000i\000\040\000d\000o\000\040\000b\001\102\001\031\000d\000n\000e\000g\000o\000\040\000w\000y\000n\000i\000k\000u}{section.5.5}% 44
\BOOKMARK [0][-]{chapter.6}{\376\377\000A\000n\000a\000l\000i\000z\000a\000\040\000w\000y\000n\000i\000k\000\363\000w\000\040\000i\000m\000p\000l\000e\000m\000e\000n\000t\000a\000c\000j\000i\000\040\000k\000w\000a\000n\000t\000o\000w\000e\000j}{}% 45
\BOOKMARK [1][-]{section.6.1}{\376\377\000W\000y\000n\000i\000k\000i\000\040\000d\000l\000a\000\040\000w\000e\000r\000s\000j\000i\000\040\000z\000\040\000l\000i\000m\000i\000t\000e\000m}{chapter.6}% 46
\BOOKMARK [2][-]{subsection.6.1.1}{\376\377\001\132\000r\000e\000d\000n\000i\000a\000\040\000l\000i\000c\000z\000b\000a\000\040\000o\000p\000e\000r\000a\000c\000j\000i}{section.6.1}% 47
\BOOKMARK [2][-]{subsection.6.1.2}{\376\377\000O\000d\000c\000h\000y\000l\000e\000n\000i\000e\000\040\000s\000t\000a\000n\000d\000a\000r\000d\000o\000w\000e}{section.6.1}% 48
\BOOKMARK [1][-]{section.6.2}{\376\377\000W\000y\000n\000i\000k\000i\000\040\000d\000l\000a\000\040\000w\000e\000r\000s\000j\000i\000\040\000b\000e\000z\000\040\000l\000i\000m\000i\000t\000u}{chapter.6}% 49
\BOOKMARK [2][-]{subsection.6.2.1}{\376\377\001\132\000r\000e\000d\000n\000i\000a\000\040\000l\000i\000c\000z\000b\000a\000\040\000o\000p\000e\000r\000a\000c\000j\000i}{section.6.2}% 50
\BOOKMARK [2][-]{subsection.6.2.2}{\376\377\000O\000d\000c\000h\000y\000l\000e\000n\000i\000e\000\040\000s\000t\000a\000n\000d\000a\000r\000d\000o\000w\000e}{section.6.2}% 51
\BOOKMARK [1][-]{section.6.3}{\376\377\000P\000o\000r\000\363\000w\000n\000a\000n\000i\000e\000\040\000w\000e\000r\000s\000j\000i\000\040\000z\000\040\000l\000i\000m\000i\000t\000e\000m\000\040\000i\000\040\000b\000e\000z\000\040\000l\000i\000m\000i\000t\000u}{chapter.6}% 52
\BOOKMARK [2][-]{subsection.6.3.1}{\376\377\000P\000o\000r\000\363\000w\000n\000a\000n\000i\000e\000\040\001\133\000r\000e\000d\000n\000i\000e\000j\000\040\000l\000i\000c\000z\000b\000y\000\040\000o\000p\000e\000r\000a\000c\000j\000i}{section.6.3}% 53
\BOOKMARK [2][-]{subsection.6.3.2}{\376\377\000P\000o\000r\000\363\000w\000n\000a\000n\000i\000e\000\040\000o\000d\000c\000h\000y\000l\000e\000n\000i\000a\000\040\000s\000t\000a\000n\000d\000a\000r\000d\000o\000w\000e\000g\000o}{section.6.3}% 54
\BOOKMARK [2][-]{subsection.6.3.3}{\376\377\000D\000l\000a\000c\000z\000e\000g\000o\000\040\000k\000o\000s\000z\000t\000\040\000w\000e\000r\000s\000j\000i\000\040\000z\000\040\000l\000i\000m\000i\000t\000e\000m\000\040\000i\000\040\000b\000e\000z\000\040\000l\000i\000m\000i\000t\000u\000\040\000j\000e\000s\000t\000\040\000p\000o\000d\000o\000b\000n\000y}{section.6.3}% 55
\BOOKMARK [1][-]{section.6.4}{\376\377\000Z\000a\000l\000e\001\174\000n\000o\001\133\001\007\000\040\000p\000o\000m\000i\001\031\000d\000z\000y\000\040\000k\000o\000s\000z\000t\000e\000m\000\040\000a\000\040\000p\000o\000p\000r\000a\000w\000n\000o\001\133\000c\000i\001\005}{chapter.6}% 56
\BOOKMARK [0][-]{chapter.7}{\376\377\000P\000o\000r\000\363\000w\000n\000a\000n\000i\000e\000\040\000i\000m\000p\000l\000e\000m\000e\000n\000t\000a\000c\000j\000i\000\040\000k\000l\000a\000s\000y\000c\000z\000n\000y\000c\000h\000\040\000i\000\040\000k\000w\000a\000n\000t\000o\000w\000e\000j}{}% 57
\BOOKMARK [1][-]{section.7.1}{\376\377\000P\000o\000r\000\363\000w\000n\000a\000n\000i\000e\000\040\001\133\000r\000e\000d\000n\000i\000e\000j\000\040\000l\000i\000c\000z\000b\000y\000\040\000o\000p\000e\000r\000a\000c\000j\000i}{chapter.7}% 58
\BOOKMARK [2][-]{subsection.7.1.1}{\376\377\000G\000r\000a\000f\000\040\000r\000z\000a\000d\000k\000i}{section.7.1}% 59
\BOOKMARK [2][-]{subsection.7.1.2}{\376\377\000G\000r\000a\000f\000\040\000o\000\040\001\133\000r\000e\000d\000n\000i\000e\000j\000\040\000g\001\031\000s\000t\000o\001\133\000c\000i}{section.7.1}% 60
\BOOKMARK [2][-]{subsection.7.1.3}{\376\377\000G\000r\000a\000f\000\040\000g\001\031\000s\000t\000y}{section.7.1}% 61
\BOOKMARK [2][-]{subsection.7.1.4}{\376\377\000P\000r\000z\000y\000p\000a\000d\000e\000k\000\040\000s\000z\000c\000z\000e\000g\000\363\000l\000n\000y}{section.7.1}% 62
\BOOKMARK [1][-]{section.7.2}{\376\377\000P\000o\000r\000\363\000w\000n\000a\000n\000i\000e\000\040\000o\000d\000c\000h\000y\000l\000e\000n\000i\000a\000\040\000s\000t\000a\000n\000d\000a\000r\000d\000o\000w\000e\000g\000o}{chapter.7}% 63
\BOOKMARK [2][-]{subsection.7.2.1}{\376\377\000G\000r\000a\000f\000\040\000r\000z\000a\000d\000k\000i}{section.7.2}% 64
\BOOKMARK [2][-]{subsection.7.2.2}{\376\377\000G\000r\000a\000f\000\040\000o\000\040\001\133\000r\000e\000d\000n\000i\000e\000j\000\040\000g\001\031\000s\000t\000o\001\133\000c\000i}{section.7.2}% 65
\BOOKMARK [2][-]{subsection.7.2.3}{\376\377\000G\000r\000a\000f\000\040\000g\001\031\000s\000t\000y}{section.7.2}% 66
\BOOKMARK [2][-]{subsection.7.2.4}{\376\377\000P\000r\000z\000y\000p\000a\000d\000e\000k\000\040\000s\000z\000c\000z\000e\000g\000\363\000l\000n\000y}{section.7.2}% 67
\BOOKMARK [0][-]{chapter.8}{\376\377\000P\000o\000d\000s\000u\000m\000o\000w\000a\000n\000i\000e}{}% 68
\BOOKMARK [0][-]{chapter.9}{\376\377\000O\000p\000i\000s\000\040\000m\000e\000t\000o\000d\000\040\000i\000\040\000t\000e\000c\000h\000n\000o\000l\000o\000g\000i\000i\000\040\000w\000y\000k\000o\000r\000z\000y\000s\000t\000a\000n\000y\000c\000h\000\040\000w\000\040\000p\000r\000a\000c\000y}{}% 69
\BOOKMARK [1][-]{section.9.1}{\376\377\000J\001\031\000z\000y\000k\000\040\000p\000r\000o\000g\000r\000a\000m\000o\000w\000a\000n\000i\000a}{chapter.9}% 70
\BOOKMARK [1][-]{section.9.2}{\376\377\000Z\000e\000w\000n\001\031\000t\000r\000z\000n\000e\000\040\000p\000a\000c\000z\000k\000i\000\040\000p\000y\000t\000h\000o\000n\000o\000w\000e}{chapter.9}% 71
\BOOKMARK [0][-]{chapter.10}{\376\377\000I\000n\000s\000t\000r\000u\000k\000c\000j\000a\000\040\000i\000n\000s\000t\000a\000l\000a\000c\000j\000i\000\040\000i\000\040\000o\000b\000s\001\102\000u\000g\000i}{}% 72
\BOOKMARK [1][-]{section.10.1}{\376\377\000I\000n\000s\000t\000a\000l\000a\000c\000j\000a}{chapter.10}% 73
\BOOKMARK [1][-]{section.10.2}{\376\377\000I\000n\000s\000t\000r\000u\000k\000c\000j\000a\000\040\000o\000b\000s\001\102\000u\000g\000i}{chapter.10}% 74
\BOOKMARK [2][-]{subsection.10.2.1}{\376\377\000G\000e\000n\000e\000r\000o\000w\000a\000n\000i\000e\000\040\000g\000r\000a\000f\000\363\000w}{section.10.2}% 75
\BOOKMARK [2][-]{subsection.10.2.2}{\376\377\000A\000n\000a\000l\000i\000z\000a\000\040\000g\000r\000a\000f\000\363\000w}{section.10.2}% 76
\BOOKMARK [2][-]{subsection.10.2.3}{\376\377\000A\000n\000a\000l\000i\000z\000a\000\040\000s\000t\000a\000t\000y\000s\000t\000y\000c\000z\000n\000a\000\040\000w\000y\000n\000i\000k\000\363\000w}{section.10.2}% 77
\BOOKMARK [2][-]{subsection.10.2.4}{\376\377\000G\000e\000n\000e\000r\000o\000w\000a\000n\000i\000e\000\040\000w\000y\000k\000r\000e\000s\000\363\000w}{section.10.2}% 78
